org/xykine/payroll/model/Band.class
org/xykine/payroll/model/Country.class
org/xykine/payroll/model/wagetypegroup/Earnings.class
org/xykine/payroll/model/Grade.class
org/xykine/payroll/model/EmployeeResponse.class
org/xykine/payroll/model/PaymentDetail.class
org/xykine/payroll/model/wagetypegroup/Deductions.class
org/xykine/payroll/model/Position.class
org/xykine/payroll/model/Employee.class
org/xykine/payroll/model/wagetypegroup/Others.class
org/xykine/payroll/model/Department.class
org/xykine/payroll/model/IdType.class
org/xykine/payroll/model/EmployeeSubGroup.class
org/xykine/payroll/model/TaxBearer.class
org/xykine/payroll/model/PaymentInfo.class
org/xykine/payroll/model/BusinessUnit.class
org/xykine/payroll/model/ContractType.class
org/xykine/payroll/model/AddressType.class
org/xykine/payroll/model/T511KRecord.class
org/xykine/payroll/model/LGA.class
org/xykine/payroll/model/EmployeeGroup.class
org/xykine/payroll/model/Title.class
org/xykine/payroll/model/State.class
org/xykine/payroll/model/City.class
org/xykine/payroll/model/PaymentSettings.class
org/xykine/payroll/model/Address.class
org/xykine/payroll/model/Allowance.class
org/xykine/payroll/model/wagetypegroup/RecurringPayments.class
org/xykine/payroll/model/PersonalCalculationRule.class
org/xykine/payroll/model/Level.class
org/xykine/payroll/model/enums/PaymentTypeEnum.class
org/xykine/payroll/model/EmployeeGroupDeprecated.class
org/xykine/payroll/model/MapKeys.class
