/Users/oyewolemoruff/Downloads/payment-settings-model/src/main/java/org/xykine/payroll/model/IdType.java
/Users/oyewolemoruff/Downloads/payment-settings-model/src/main/java/org/xykine/payroll/model/EmployeeGroupDeprecated.java
/Users/oyewolemoruff/Downloads/payment-settings-model/src/main/java/org/xykine/payroll/model/AddressType.java
/Users/oyewolemoruff/Downloads/payment-settings-model/src/main/java/org/xykine/payroll/model/wagetypegroup/RecurringPayments.java
/Users/oyewolemoruff/Downloads/payment-settings-model/src/main/java/org/xykine/payroll/model/EmployeeGroup.java
/Users/oyewolemoruff/Downloads/payment-settings-model/src/main/java/org/xykine/payroll/model/wagetypegroup/Deductions.java
/Users/oyewolemoruff/Downloads/payment-settings-model/src/main/java/org/xykine/payroll/model/Band.java
/Users/oyewolemoruff/Downloads/payment-settings-model/src/main/java/org/xykine/payroll/model/Address.java
/Users/oyewolemoruff/Downloads/payment-settings-model/src/main/java/org/xykine/payroll/model/Position.java
/Users/oyewolemoruff/Downloads/payment-settings-model/src/main/java/org/xykine/payroll/model/Allowance.java
/Users/oyewolemoruff/Downloads/payment-settings-model/src/main/java/org/xykine/payroll/model/Level.java
/Users/oyewolemoruff/Downloads/payment-settings-model/src/main/java/org/xykine/payroll/model/Title.java
/Users/oyewolemoruff/Downloads/payment-settings-model/src/main/java/org/xykine/payroll/model/State.java
/Users/oyewolemoruff/Downloads/payment-settings-model/src/main/java/org/xykine/payroll/model/PersonalCalculationRule.java
/Users/oyewolemoruff/Downloads/payment-settings-model/src/main/java/org/xykine/payroll/model/wagetypegroup/Earnings.java
/Users/oyewolemoruff/Downloads/payment-settings-model/src/main/java/org/xykine/payroll/model/enums/PaymentTypeEnum.java
/Users/oyewolemoruff/Downloads/payment-settings-model/src/main/java/org/xykine/payroll/model/MapKeys.java
/Users/oyewolemoruff/Downloads/payment-settings-model/src/main/java/org/xykine/payroll/model/LGA.java
/Users/oyewolemoruff/Downloads/payment-settings-model/src/main/java/org/xykine/payroll/model/PaymentDetail.java
/Users/oyewolemoruff/Downloads/payment-settings-model/src/main/java/org/xykine/payroll/model/wagetypegroup/Others.java
/Users/oyewolemoruff/Downloads/payment-settings-model/src/main/java/org/xykine/payroll/model/BusinessUnit.java
/Users/oyewolemoruff/Downloads/payment-settings-model/src/main/java/org/xykine/payroll/model/T511KRecord.java
/Users/oyewolemoruff/Downloads/payment-settings-model/src/main/java/org/xykine/payroll/model/Employee.java
/Users/oyewolemoruff/Downloads/payment-settings-model/src/main/java/org/xykine/payroll/model/EmployeeSubGroup.java
/Users/oyewolemoruff/Downloads/payment-settings-model/src/main/java/org/xykine/payroll/model/Department.java
/Users/oyewolemoruff/Downloads/payment-settings-model/src/main/java/org/xykine/payroll/model/PaymentInfo.java
/Users/oyewolemoruff/Downloads/payment-settings-model/src/main/java/org/xykine/payroll/model/Country.java
/Users/oyewolemoruff/Downloads/payment-settings-model/src/main/java/org/xykine/payroll/model/EmployeeResponse.java
/Users/oyewolemoruff/Downloads/payment-settings-model/src/main/java/org/xykine/payroll/model/Grade.java
/Users/oyewolemoruff/Downloads/payment-settings-model/src/main/java/org/xykine/payroll/model/TaxBearer.java
/Users/oyewolemoruff/Downloads/payment-settings-model/src/main/java/org/xykine/payroll/model/City.java
/Users/oyewolemoruff/Downloads/payment-settings-model/src/main/java/org/xykine/payroll/model/ContractType.java
/Users/oyewolemoruff/Downloads/payment-settings-model/src/main/java/org/xykine/payroll/model/PaymentSettings.java
